PS C:\Users\ex14s> cd C:\Users\ex14s\samurai-terakoya
PS C:\Users\ex14s\samurai-terakoya> mkdir git_challenge


    ディレクトリ: C:\Users\ex14s\samurai-terakoya


Mode                 LastWriteTime         Length Name
----                 -------------         ------ ----
d-----        2025/10/13     18:23                git_challenge


PS C:\Users\ex14s\samurai-terakoya>
PS C:\Users\ex14s\samurai-terakoya> cd git_challenge
PS C:\Users\ex14s\samurai-terakoya\git_challenge> git init
Initialized empty Git repository in C:/Users/ex14s/samurai-terakoya/git_challenge/.git/
PS C:\Users\ex14s\samurai-terakoya\git_challenge> echo > hello_world.txt

コマンド パイプライン位置 1 のコマンドレット Write-Output
次のパラメーターに値を指定してください:
InputObject[0]:
PS C:\Users\ex14s\samurai-terakoya\git_challenge> echo "Hello, world!" >> hello_world.txt      
PS C:\Users\ex14s\samurai-terakoya\git_challenge> git add hello_world.txt
PS C:\Users\ex14s\samurai-terakoya\git_challenge> git commit -m "hello_world.txtを追加"        
[main e60b981] hello_world.txtを追加
 1 file changed, 0 insertions(+), 0 deletions(-)
PS C:\Users\ex14s\samurai-terakoya\git_challenge> echo "こんにちは、世界！" >> hello_world.txt
PS C:\Users\ex14s\samurai-terakoya\git_challenge> 
PS C:\Users\ex14s\samurai-terakoya\git_challenge> git add hello_world.txt                     
PS C:\Users\ex14s\samurai-terakoya\git_challenge> git commit -m "日本語訳を追記"              
[main 861f4c2] 日本語訳を追記
 1 file changed, 0 insertions(+), 0 deletions(-)
PS C:\Users\ex14s\samurai-terakoya\git_challenge> git log --oneline
861f4c2 (HEAD -> main) 日本語訳を追記
e60b981 hello_world.txtを追加
30c306f 日本語訳を追記
c39c67b hello_world.txtを追加