PS C:\Users\ex14s> cd C:\Users\ex14s\samurai-terakoya
PS C:\Users\ex14s\samurai-terakoya> mkdir git_challenge


    ディレクトリ: C:\Users\ex14s\samurai-terakoya


Mode                 LastWriteTime         Length Name
----                 -------------         ------ ----
d-----        2025/10/13     18:23                git_challenge


PS C:\Users\ex14s\samurai-terakoya>
PS C:\Users\ex14s\samurai-terakoya> cd git_challenge
PS C:\Users\ex14s\samurai-terakoya\git_challenge> git init
Initialized empty Git repository in C:/Users/ex14s/samurai-terakoya/git_challenge/.git/
PS C:\Users\ex14s\samurai-terakoya\git_challenge> git add hello_world.txt
PS C:\Users\ex14s\samurai-terakoya\git_challenge> 
PS C:\Users\ex14s\samurai-terakoya\git_challenge> git commit -m "hello_world.txtを追加"
[main (root-commit) c39c67b] hello_world.txtを追加
 1 file changed, 1 insertion(+)
 create mode 100644 hello_world.txt
PS C:\Users\ex14s\samurai-terakoya\git_challenge> git add hello_world.txt
PS C:\Users\ex14s\samurai-terakoya\git_challenge> git commit -m "日本語訳を追記"       
[main 30c306f] 日本語訳を追記
 1 file changed, 2 insertions(+), 1 deletion(-)
PS C:\Users\ex14s\samurai-terakoya\git_challenge> git log --oneline
30c306f (HEAD -> main) 日本語訳を追記
c39c67b hello_world.txtを追加
